[taanvir.framer.ai/index.html]
[backblue.gif]
[fade.gif]
[index.html]
[framerusercontent.com/images/yRHzspDbMFpzy4ilzpsXFuq1X04.png]
[framerusercontent.com/assets/xYkHes7cSMEzH0eBZzrhV4iqGqA.png]
[framerusercontent.com/images/zjjpdmV0vNLhsLS6Xn9gHLvo9Y.jpg]
[framerusercontent.com/images/2BJaNQeIzLK9RzH3bkopC5WPwI.jpg]
[framerusercontent.com/images/NywkFxOMrU5R2Bt6f2iCPeDNU.png]
[framerusercontent.com/images/iaLdU0HF7Zs2e6YstyeaQpv3M8.png]
[framerusercontent.com/images/7kXJzCR4xsHTZ3x9rgDsxaAks.png]
[framerusercontent.com/images/JANbJAzkBovpeGnnNoXqRpsA9cM.png]
[framerusercontent.com/images/uster3xyI078IphCzPEAjcFAxk.png]
[framerusercontent.com/images/RNSxsVfzPAizfTFWYujJhn8wY44.png]
[framerusercontent.com/images/hcJMLNnNFMoHx1u4Dvjw1fU6zw.png]
[framerusercontent.com/images/X1OvTrctK0oO21CnJKkDmxmN8g.png]
[framerusercontent.com/images/W7UYcRNgnctmgf8r31JSc5l4y9U.png]
[framerusercontent.com/images/TEi8p0UZezb2ZGQCeVqHmW500cc.png]
[framerusercontent.com/images/nqAHevLA9vamfvHbMDQzXmRWq9g.png]
[framerusercontent.com/images/nOWMfqIyrnk1nZ1TKnxk4VcSQ4I.png]
[framerusercontent.com/images/NMnyT8tjuSaLtMkDGsvpYMpeoEc.png]
[framerusercontent.com/images/QdeZj6boajXHo5jgUY4WrYYcuHY.png]
[framerusercontent.com/images/k2UDp5u9wgDXqxpcIYgPN6nw.png]
[framerusercontent.com/images/xFOw9hDT8hvZ2mmI4gIKB7ml6W4.png]
[framerusercontent.com/assets/TvfyHL0vFYdFYMu5Ws8G4cWKJY.png]
[framerusercontent.com/assets/sc0cEfbARhHUOzlbREpugNwMtY.png]
[framerusercontent.com/assets/mlxYz67KFJ2gC6r2LF4r2rvOzsI.png]
[framerusercontent.com/images/G2l9hhobtZFeYaov764LQ2XQ5zw.png]
[framerusercontent.com/images/CiABQW4Z4Rn55JYVnVeqnNZcd8Y.png]
[framerusercontent.com/images/WYtKj474QMixn0mmaPzTvgDAo.png]
[framerusercontent.com/images/8NJlrLASNgtaaxGqTvFt4MFQWs.png]
[framerusercontent.com/images/HRoQbDg4igbxRNV7emQPdmmhmc.png]
[framerusercontent.com/images/KvilsuqTsCLNl83QYcTy5PfjQ.png]
[framerusercontent.com/images/pIEdczpH0xFcApeOf1zObbAFog8.png]
[framerusercontent.com/images/lelNPG1sVIAYPev7e0ufAi5g.png]
[framerusercontent.com/images/EdP26XTBiSPy1r6E2Iz1drBgQs.png]
[framerusercontent.com/images/Uj4EGZfyySBkxIoGPnDeeRU0w.png]
[framerusercontent.com/images/5fTm0VE8tk9wqbKJeH3TatiIpVA9ae5.jpg]
[framerusercontent.com/images/HzaDONFomBKJaPYbarCyHYUvE.jpg]
[framerusercontent.com/images/DUIBkCd7Vzvrz6B3ymOkqqMifSw.png]
[framerusercontent.com/images/FQuWaRNZ975A6O4QGkESjwTEeP4.jpg]
[framerusercontent.com/images/zrhMI1qg1ApYDLzd4DgSNt8HV2c.png]
[framerusercontent.com/images/7tGuZ73L2xGiVSpF450la9J0xA.png]
[framerusercontent.com/assets/PakQMhfFJpuphzYCjPHHrPE5E.png]
[framerusercontent.com/images/NywkFxOMrU5R2Bt6f2iCPeDNU17f5.png]
[framerusercontent.com/assets/W4c8NeRFlWg3zn2PuflTR1OY.png]
[framerusercontent.com/assets/NV3sNdJJF9kCRfKI2Cpv9wMiBY.png]
[framerusercontent.com/assets/4NVBesoq7rI9fCpejTysrVO9LaQ.png]
[framerusercontent.com/images/sTn5VQRJ6S5VsT4mA6ImMRPOkQo.png]
[framerusercontent.com/images/dwFtxZ8NBChaSvz9I3XFds4gdfo.jpg]
[framerusercontent.com/images/ovkq4BZI8OV3E1UI3M5ljwxkok.png]
[taanvir.framer.ai/index.html]
